Get detailed information about an MCP server

Usage:
  mcp-runtime server get [name] [flags]

Flags:
  -h, --help               help for get
      --namespace string   Namespace (default "mcp-servers")

Global Flags:
      --debug      Enable debug mode with structured error logging
      --use-kube   Use kubectl and local kubeconfig instead of the platform API for supported commands
