List all MCP server deployments

Usage:
  mcp-runtime server list [flags]

Flags:
  -h, --help               help for list
      --namespace string   Namespace to list servers from (default "mcp-servers")

Global Flags:
      --debug      Enable debug mode with structured error logging
      --use-kube   Use kubectl and local kubeconfig instead of the platform API for supported commands
