Delete an MCP server deployment

Usage:
  mcp-runtime server delete [name] [flags]

Flags:
  -h, --help               help for delete
      --namespace string   Namespace (default "mcp-servers")

Global Flags:
      --debug      Enable debug mode with structured error logging
      --use-kube   Use kubectl and local kubeconfig instead of the platform API for supported commands
