Setup the complete MCP platform including:
- Kubernetes cluster initialization
- Internal container registry deployment (Docker Registry)
- Operator deployment
- Ingress controller configuration

The platform deploys an internal Docker registry by default, which teams
will use to push and pull container images.

Usage:
  mcp-runtime setup [flags]

Flags:
      --acme-email string              Contact email for Let's Encrypt (HTTP-01 via cert-manager). Mutually exclusive with --tls-cluster-issuer. Overrides env MCP_ACME_EMAIL
      --acme-staging                   Use Let's Encrypt staging CA (also set MCP_ACME_STAGING=1)
      --context string                 Kubernetes context to use
      --force-ingress-install          Force ingress install even if an ingress class already exists
  -h, --help                           help for setup
      --ingress string                 Ingress controller to install automatically during setup (traefik|none) (default "traefik")
      --ingress-manifest string        Manifest to apply when installing the ingress controller (default "config/ingress/overlays/http")
      --kubeconfig string              Path to kubeconfig file (default: ~/.kube/config)
      --operator-leader-elect          Override operator leader election when set
      --operator-metrics-addr string   Operator metrics bind address (default: :8080 from manager.yaml)
      --operator-probe-addr string     Operator health probe bind address (default: :8081 from manager.yaml)
      --registry-storage string        Registry storage size (default: 20Gi) (default "20Gi")
      --registry-type string           Registry type (docker; harbor coming soon) (default "docker")
      --skip-cert-manager-install      Do not install cert-manager; require CRDs to already exist
      --storage-mode string            Storage mode for local/dev clusters (dynamic|hostpath). Use hostpath for single-node k3s/minikube/kind without a provisioner. (default "dynamic")
      --strict-prod                    Require production-style registry and TLS validation for non-test setup
      --test-mode                      Test mode for local Kind/dev installs; builds and pushes latest-tag runtime images while relaxing production guardrails
      --tls-cluster-issuer string      Use an existing cert-manager ClusterIssuer (e.g. internal CA; setup does not create it). Mutually exclusive with --acme-email. Overrides env MCP_TLS_CLUSTER_ISSUER
      --with-tls                       Enable TLS overlays (ingress/registry). Use --acme-email for public Let's Encrypt, --tls-cluster-issuer for an org ClusterIssuer, or the bundled mcp-runtime-ca private CA (no ACME) when neither is set
      --without-sentinel               Skip deploying the bundled mcp-sentinel stack

Global Flags:
      --debug   Enable debug mode with structured error logging
